> Task :compileJava UP-TO-DATE
> Task :processResources UP-TO-DATE
> Task :classes UP-TO-DATE
> Task :resolveMainClassName UP-TO-DATE

> Task :bootRun FAILED

  .   ____          _            __ _ _
 /\\ / ___'_ __ _ _(_)_ __  __ _ \ \ \ \
( ( )\___ | '_ | '_| | '_ \/ _` | \ \ \ \
 \\/  ___)| |_)| | | | | || (_| |  ) ) ) )
  '  |____| .__|_| |_|_| |_\__, | / / / /
 =========|_|==============|___/=/_/_/_/

 :: Spring Boot ::                (v4.0.3)

2026-03-05T20:09:15.055-03:00  INFO 25020 --- [seminario-backend] [           main] c.e.s.SeminarioBackendApplication        : Starting SeminarioBackendApplication using Java 25.0.1 with PID 25020 (C:\Users\igor.mathias\Desktop\Semin├írio\seminario-backend\build\classes\java\main started by igor.mathias in C:\Users\igor.mathias\Desktop\Semin├írio\seminario-backend)
2026-03-05T20:09:15.056-03:00  INFO 25020 --- [seminario-backend] [           main] c.e.s.SeminarioBackendApplication        : No active profile set, falling back to 1 default profile: "default"
2026-03-05T20:09:15.334-03:00  INFO 25020 --- [seminario-backend] [           main] .s.d.r.c.RepositoryConfigurationDelegate : Bootstrapping Spring Data JPA repositories in DEFAULT mode.
2026-03-05T20:09:15.360-03:00  INFO 25020 --- [seminario-backend] [           main] .s.d.r.c.RepositoryConfigurationDelegate : Finished Spring Data repository scanning in 21 ms. Found 1 JPA repository interface.
2026-03-05T20:09:15.562-03:00  INFO 25020 --- [seminario-backend] [           main] o.s.boot.tomcat.TomcatWebServer          : Tomcat initialized with port 8080 (http)
2026-03-05T20:09:15.569-03:00  INFO 25020 --- [seminario-backend] [           main] o.apache.catalina.core.StandardService   : Starting service [Tomcat]
2026-03-05T20:09:15.569-03:00  INFO 25020 --- [seminario-backend] [           main] o.apache.catalina.core.StandardEngine    : Starting Servlet engine: [Apache Tomcat/11.0.18]
2026-03-05T20:09:15.595-03:00  INFO 25020 --- [seminario-backend] [           main] b.w.c.s.WebApplicationContextInitializer : Root WebApplicationContext: initialization completed in 516 ms
2026-03-05T20:09:15.660-03:00  INFO 25020 --- [seminario-backend] [           main] com.zaxxer.hikari.HikariDataSource       : HikariPool-1 - Starting...
2026-03-05T20:09:15.745-03:00  INFO 25020 --- [seminario-backend] [           main] com.zaxxer.hikari.pool.HikariPool        : HikariPool-1 - Added connection conn0: url=jdbc:h2:mem:6779775e-1fec-4d10-94d0-e7c920db02eb user=SA
2026-03-05T20:09:15.746-03:00  INFO 25020 --- [seminario-backend] [           main] com.zaxxer.hikari.HikariDataSource       : HikariPool-1 - Start completed.
2026-03-05T20:09:15.762-03:00  INFO 25020 --- [seminario-backend] [           main] org.hibernate.orm.jpa                    : HHH008540: Processing PersistenceUnitInfo [name: default]
2026-03-05T20:09:15.785-03:00  INFO 25020 --- [seminario-backend] [           main] org.hibernate.orm.core                   : HHH000001: Hibernate ORM core version 7.2.4.Final
2026-03-05T20:09:15.989-03:00  INFO 25020 --- [seminario-backend] [           main] o.s.o.j.p.SpringPersistenceUnitInfo      : No LoadTimeWeaver setup: ignoring JPA class transformer
2026-03-05T20:09:16.026-03:00  INFO 25020 --- [seminario-backend] [           main] org.hibernate.orm.connections.pooling    : HHH10001005: Database info:
	Database JDBC URL [jdbc:h2:mem:6779775e-1fec-4d10-94d0-e7c920db02eb]
	Database driver: H2 JDBC Driver
	Database dialect: H2Dialect
	Database version: 2.4.240
	Default catalog/schema: 6779775E-1FEC-4D10-94D0-E7C920DB02EB/PUBLIC
	Autocommit mode: undefined/unknown
	Isolation level: READ_COMMITTED [default READ_COMMITTED]
	JDBC fetch size: 100
	Pool: DataSourceConnectionProvider
	Minimum pool size: undefined/unknown
	Maximum pool size: undefined/unknown
2026-03-05T20:09:16.385-03:00  INFO 25020 --- [seminario-backend] [           main] org.hibernate.orm.core                   : HHH000489: No JTA platform available (set 'hibernate.transaction.jta.platform' to enable JTA platform integration)
2026-03-05T20:09:16.403-03:00  INFO 25020 --- [seminario-backend] [           main] j.LocalContainerEntityManagerFactoryBean : Initialized JPA EntityManagerFactory for persistence unit 'default'
2026-03-05T20:09:16.439-03:00  INFO 25020 --- [seminario-backend] [           main] o.s.d.j.r.query.QueryEnhancerFactories   : Hibernate is in classpath; If applicable, HQL parser will be used.
2026-03-05T20:09:16.489-03:00  WARN 25020 --- [seminario-backend] [           main] JpaBaseConfiguration$JpaWebConfiguration : spring.jpa.open-in-view is enabled by default. Therefore, database queries may be performed during view rendering. Explicitly configure spring.jpa.open-in-view to disable this warning
2026-03-05T20:09:16.620-03:00  WARN 25020 --- [seminario-backend] [           main] ConfigServletWebServerApplicationContext : Exception encountered during context initialization - cancelling refresh attempt: org.springframework.context.ApplicationContextException: Failed to start bean 'webServerStartStop'
2026-03-05T20:09:16.620-03:00  INFO 25020 --- [seminario-backend] [           main] j.LocalContainerEntityManagerFactoryBean : Closing JPA EntityManagerFactory for persistence unit 'default'
2026-03-05T20:09:16.623-03:00  INFO 25020 --- [seminario-backend] [           main] com.zaxxer.hikari.HikariDataSource       : HikariPool-1 - Shutdown initiated...
2026-03-05T20:09:16.624-03:00  INFO 25020 --- [seminario-backend] [           main] com.zaxxer.hikari.HikariDataSource       : HikariPool-1 - Shutdown completed.
2026-03-05T20:09:16.628-03:00  INFO 25020 --- [seminario-backend] [           main] .s.b.a.l.ConditionEvaluationReportLogger : 

Error starting ApplicationContext. To display the condition evaluation report re-run your application with 'debug' enabled.
2026-03-05T20:09:16.638-03:00 ERROR 25020 --- [seminario-backend] [           main] o.s.b.d.LoggingFailureAnalysisReporter   : 

***************************
APPLICATION FAILED TO START
***************************

Description:

Web server failed to start. Port 8080 was already in use.

Action:

Identify and stop the process that's listening on port 8080 or configure this application to listen on another port.

.\gradlew.bat : 
No linha:1 caractere:1
+ .\gradlew.bat 
bootRun > 
build-output.log 2>&1
+ ~~~~~~~~~~~~~~~~~~~~~
~~~~~~~~~~~~~~~~~~~~~~~
~
    + CategoryInfo     
         : NotSpecifi  
  ed: (:String) [],    
 RemoteException
    + FullyQualifiedEr 
   rorId : NativeComm  
  andError
 
FAILURE: Build failed 
with an exception.

* What went wrong:
Execution failed for 
task ':bootRun'.
> Process 'command 
'C:\Program 
Files\Eclipse Adoptium\
jdk-25.0.1.8-hotspot\bi
n\java.exe'' finished 
with non-zero exit 
value 1

* Try:
> Run with 
--stacktrace option to 
get the stack trace.
> Run with --info or 
--debug option to get 
more log output.
> Run with --scan to 
get full insights from 
a Build Scan (powered 
by Develocity).
> Get more help at http
s://help.gradle.org.

BUILD FAILED in 2s
4 actionable tasks: 1 executed, 3 up-to-date
